Loading weights:   0%|          | 0/320 [00:00<?, ?it/s]Loading weights:   0%|          | 1/320 [00:00<01:39,  3.21it/s]Loading weights: 100%|██████████| 320/320 [00:00<00:00, 1016.96it/s]
Fetching 9 files:   0%|          | 0/9 [00:00<?, ?it/s]Fetching 9 files: 100%|██████████| 9/9 [00:00<00:00, 3427.03it/s]
delta: warm start from /Users/jianwang/.cache/huggingface/hub/models--jaredpalmer--kev-0.8b/snapshots/9a45d25eb2ab761841196625383fa1dff0e56c1e: 372 lora tensors and the pointer head loaded
device=mps world=1 trainable params=11.3M
dropped 40 of 1223 records that exceed the training context (384 state / 1024 branch / 2048 packed tokens)
[transformers] `causal_conv1d_fn` is falling back to its reference PyTorch implementation because `causal_conv1d` is not installed. This is correct but much slower; install `causal_conv1d` for the optimized kernel.
[transformers] `chunk_gated_delta_rule` is falling back to its reference PyTorch implementation because `flash-linear-attention` is not installed. This is correct but much slower; install `flash-linear-attention` for the optimized kernel.
1183 training requests (holdout=[]), questions by type {'noul': 1884, 'score': 95}
ep0 step 10/296 loss 0.828 kl 0.000 anchor 0.000 1.301s/rec
ep0 step 20/296 loss 0.433 kl 0.000 anchor 0.000 1.207s/rec
ep0 step 30/296 loss 0.317 kl 0.000 anchor 0.000 1.188s/rec
ep0 step 40/296 loss 0.186 kl 0.000 anchor 0.000 1.206s/rec
ep0 step 50/296 loss 0.193 kl 0.000 anchor 0.000 1.226s/rec
ep0 step 60/296 loss 0.071 kl 0.000 anchor 0.000 1.227s/rec
ep0 step 70/296 loss 0.170 kl 0.000 anchor 0.000 1.244s/rec
ep0 step 80/296 loss 0.193 kl 0.000 anchor 0.000 1.238s/rec
ep0 step 90/296 loss 0.054 kl 0.000 anchor 0.000 1.245s/rec
ep0 step 100/296 loss 0.057 kl 0.000 anchor 0.000 1.257s/rec
ep0 step 110/296 loss 0.037 kl 0.000 anchor 0.000 1.246s/rec
ep0 step 120/296 loss 0.076 kl 0.000 anchor 0.000 1.242s/rec
ep0 step 130/296 loss 0.060 kl 0.000 anchor 0.000 1.234s/rec
ep0 step 140/296 loss 0.084 kl 0.000 anchor 0.000 1.229s/rec
ep1 step 150/296 loss 0.106 kl 0.000 anchor 0.000 1.215s/rec
ep1 step 160/296 loss 0.073 kl 0.000 anchor 0.000 1.198s/rec
ep1 step 170/296 loss 0.063 kl 0.000 anchor 0.000 1.185s/rec
ep1 step 180/296 loss 0.041 kl 0.000 anchor 0.000 1.177s/rec
ep1 step 190/296 loss 0.056 kl 0.000 anchor 0.000 1.165s/rec
ep1 step 200/296 loss 0.034 kl 0.000 anchor 0.000 1.156s/rec
ep1 step 210/296 loss 0.027 kl 0.000 anchor 0.000 1.153s/rec
ep1 step 220/296 loss 0.005 kl 0.000 anchor 0.000 1.144s/rec
ep1 step 230/296 loss 0.014 kl 0.000 anchor 0.000 1.140s/rec
ep1 step 240/296 loss 0.057 kl 0.000 anchor 0.000 1.136s/rec
ep1 step 250/296 loss 0.016 kl 0.000 anchor 0.000 1.128s/rec
ep1 step 260/296 loss 0.048 kl 0.000 anchor 0.000 1.125s/rec
ep1 step 270/296 loss 0.060 kl 0.000 anchor 0.000 1.119s/rec
ep1 step 280/296 loss 0.040 kl 0.000 anchor 0.000 1.115s/rec
ep1 step 290/296 loss 0.045 kl 0.000 anchor 0.000 1.109s/rec
saved /Users/jianwang/workplace/Silex/jev-realtime-observability/runs/ft-kev-0.8b-2026-09-29/model
