Loading weights:   0%|          | 0/320 [00:00<?, ?it/s]Loading weights: 100%|██████████| 320/320 [00:00<00:00, 3467.75it/s]
Fetching 9 files:   0%|          | 0/9 [00:00<?, ?it/s]Fetching 9 files: 100%|██████████| 9/9 [00:00<00:00, 3762.46it/s]
delta: warm start from ~/.cache/huggingface/hub/models--jaredpalmer--kev-0.8b/snapshots/9a45d25eb2ab761841196625383fa1dff0e56c1e: 372 lora tensors and the pointer head loaded
device=mps world=1 trainable params=11.3M
dropped 40 of 1223 records that exceed the training context (384 state / 1024 branch / 2048 packed tokens)
[transformers] `causal_conv1d_fn` is falling back to its reference PyTorch implementation because `causal_conv1d` is not installed. This is correct but much slower; install `causal_conv1d` for the optimized kernel.
[transformers] `chunk_gated_delta_rule` is falling back to its reference PyTorch implementation because `flash-linear-attention` is not installed. This is correct but much slower; install `flash-linear-attention` for the optimized kernel.
1183 training requests (holdout=[]), questions by type {'noul': 1884, 'score': 95}
ep0 step 10/296 loss 0.828 kl 0.000 anchor 0.000 1.018s/rec
ep0 step 20/296 loss 0.433 kl 0.000 anchor 0.000 1.010s/rec
ep0 step 30/296 loss 0.317 kl 0.000 anchor 0.000 1.016s/rec
ep0 step 40/296 loss 0.186 kl 0.000 anchor 0.000 1.031s/rec
ep0 step 50/296 loss 0.193 kl 0.000 anchor 0.000 1.051s/rec
ep0 step 60/296 loss 0.071 kl 0.000 anchor 0.000 1.058s/rec
ep0 step 70/296 loss 0.170 kl 0.000 anchor 0.000 1.075s/rec
ep0 step 80/296 loss 0.193 kl 0.000 anchor 0.000 1.076s/rec
ep0 step 90/296 loss 0.054 kl 0.000 anchor 0.000 1.080s/rec
ep0 step 100/296 loss 0.057 kl 0.000 anchor 0.000 1.084s/rec
ep0 step 110/296 loss 0.037 kl 0.000 anchor 0.000 1.073s/rec
ep0 step 120/296 loss 0.076 kl 0.000 anchor 0.000 1.069s/rec
ep0 step 130/296 loss 0.060 kl 0.000 anchor 0.000 1.063s/rec
ep0 step 140/296 loss 0.084 kl 0.000 anchor 0.000 1.065s/rec
ep1 step 150/296 loss 0.106 kl 0.000 anchor 0.000 1.056s/rec
ep1 step 160/296 loss 0.074 kl 0.000 anchor 0.000 1.043s/rec
ep1 step 170/296 loss 0.063 kl 0.000 anchor 0.000 1.035s/rec
ep1 step 180/296 loss 0.041 kl 0.000 anchor 0.000 1.031s/rec
ep1 step 190/296 loss 0.056 kl 0.000 anchor 0.000 1.022s/rec
ep1 step 200/296 loss 0.034 kl 0.000 anchor 0.000 1.016s/rec
ep1 step 210/296 loss 0.027 kl 0.000 anchor 0.000 1.014s/rec
ep1 step 220/296 loss 0.005 kl 0.000 anchor 0.000 1.007s/rec
ep1 step 230/296 loss 0.014 kl 0.000 anchor 0.000 1.004s/rec
ep1 step 240/296 loss 0.056 kl 0.000 anchor 0.000 1.002s/rec
ep1 step 250/296 loss 0.016 kl 0.000 anchor 0.000 0.995s/rec
ep1 step 260/296 loss 0.048 kl 0.000 anchor 0.000 0.993s/rec
ep1 step 270/296 loss 0.059 kl 0.000 anchor 0.000 0.989s/rec
ep1 step 280/296 loss 0.040 kl 0.000 anchor 0.000 0.986s/rec
ep1 step 290/296 loss 0.045 kl 0.000 anchor 0.000 0.981s/rec
saved runs/ft-kev-0.8b-2026-09-28/model
