usage: train.py [-h] [--base BASE] [--n_per_source N_PER_SOURCE]
                [--epochs EPOCHS] [--lr LR] [--head_lr HEAD_LR]
                [--weight_decay WEIGHT_DECAY] [--lora LORA] [--accum ACCUM]
                [--holdout HOLDOUT] [--perm_kl PERM_KL]
                [--perm_frac PERM_FRAC] [--ord_w ORD_W]
                [--label_smoothing LABEL_SMOOTHING] [--brier_w BRIER_W]
                [--focal_gamma FOCAL_GAMMA] [--suite SUITE]
                [--train_sources TRAIN_SOURCES] [--device {cpu,mps,cuda}]
                [--batch BATCH] [--dtype {fp32,bf16}]
                [--weights_dtype {fp32,bf16}] [--checkpointing {0,1}]
                [--option_isolation {0,1}] [--special_embeddings {0,1}]
                [--head_dim HEAD_DIM] [--lora_targets {all,dense,attn,qv}]
                [--base_revision BASE_REVISION] [--p_none P_NONE]
                [--p_none_distract P_NONE_DISTRACT] [--p_distract P_DISTRACT]
                [--p_none_pair P_NONE_PAIR]
                [--none_pair_max_state NONE_PAIR_MAX_STATE]
                [--synthetic_repeat SYNTHETIC_REPEAT]
                [--public_frac PUBLIC_FRAC] [--anchor ANCHOR]
                [--anchor_w ANCHOR_W] [--anchor_sources ANCHOR_SOURCES]
                [--out OUT] [--data DATA] [--max_state MAX_STATE]
                [--replay REPLAY] [--init_from INIT_FROM] [--full_ft {0,1}]
                [--row_budget ROW_BUDGET] [--shared_prefix {0,1}]
                [--length_sort {0,1}] [--pass_tokens_max PASS_TOKENS_MAX]
                [--max_steps MAX_STEPS] [--save_every_steps SAVE_EVERY_STEPS]
                [--save_every_minutes SAVE_EVERY_MINUTES] [--resume {0,1}]
                [--stop_after STOP_AFTER]
                [--snapshot_fractions SNAPSHOT_FRACTIONS]
                [--snapshot_every_steps SNAPSHOT_EVERY_STEPS]
                [--snapshot_dir SNAPSHOT_DIR] [--seed SEED]
train.py: error: resume points are for full-weight runs (--full_ft 1)
