Fetching 2 files:   0%|          | 0/2 [00:00<?, ?it/s]Fetching 2 files: 100%|██████████| 2/2 [00:00<00:00, 2531.26it/s]
Loading weights:   0%|          | 0/426 [00:00<?, ?it/s]Loading weights:   0%|          | 1/426 [00:01<11:57,  1.69s/it]Loading weights:  53%|█████▎    | 224/426 [00:01<00:01, 167.89it/s]Loading weights:  73%|███████▎  | 311/426 [00:02<00:00, 116.49it/s]Loading weights:  85%|████████▍ | 362/426 [00:03<00:00, 96.33it/s] Loading weights:  93%|█████████▎| 395/426 [00:04<00:00, 69.77it/s]Loading weights:  98%|█████████▊| 418/426 [00:05<00:00, 64.51it/s]Loading weights: 100%|██████████| 426/426 [00:05<00:00, 78.36it/s]
Fetching 13 files:   0%|          | 0/13 [00:00<?, ?it/s]Fetching 13 files: 100%|██████████| 13/13 [00:00<00:00, 3369.75it/s]
delta: warm start from ~/.cache/huggingface/hub/models--jaredpalmer--kev-4b/snapshots/139fdd94f1b6a6ad80cc15e08fcb99cac885a101: 496 lora tensors and the pointer head loaded
device=mps world=1 trainable params=33.8M
dropped 40 of 1223 records that exceed the training context (384 state / 1024 branch / 2048 packed tokens)
[transformers] `causal_conv1d_fn` is falling back to its reference PyTorch implementation because `causal_conv1d` is not installed. This is correct but much slower; install `causal_conv1d` for the optimized kernel.
[transformers] `chunk_gated_delta_rule` is falling back to its reference PyTorch implementation because `flash-linear-attention` is not installed. This is correct but much slower; install `flash-linear-attention` for the optimized kernel.
1183 training requests (holdout=[]), questions by type {'noul': 1884, 'score': 95}
ep0 step 10/296 loss 0.568 kl 0.000 anchor 0.000 5.615s/rec
ep0 step 20/296 loss 0.384 kl 0.000 anchor 0.000 4.436s/rec
ep0 step 30/296 loss 0.296 kl 0.000 anchor 0.000 4.040s/rec
ep0 step 40/296 loss 0.142 kl 0.000 anchor 0.000 3.829s/rec
ep0 step 50/296 loss 0.187 kl 0.000 anchor 0.000 4.213s/rec
ep0 step 60/296 loss 0.016 kl 0.000 anchor 0.000 4.142s/rec
ep0 step 70/296 loss 0.278 kl 0.000 anchor 0.000 4.071s/rec
ep0 step 80/296 loss 0.177 kl 0.000 anchor 0.000 3.995s/rec
ep0 step 90/296 loss 0.068 kl 0.000 anchor 0.000 3.963s/rec
ep0 step 100/296 loss 0.034 kl 0.000 anchor 0.000 4.382s/rec
ep0 step 110/296 loss 0.032 kl 0.000 anchor 0.000 4.385s/rec
ep0 step 120/296 loss 0.103 kl 0.000 anchor 0.000 4.371s/rec
ep0 step 130/296 loss 0.078 kl 0.000 anchor 0.000 4.345s/rec
ep0 step 140/296 loss 0.084 kl 0.000 anchor 0.000 4.537s/rec
ep1 step 150/296 loss 0.071 kl 0.000 anchor 0.000 4.508s/rec
ep1 step 160/296 loss 0.086 kl 0.000 anchor 0.000 4.443s/rec
ep1 step 170/296 loss 0.052 kl 0.000 anchor 0.000 4.395s/rec
ep1 step 180/296 loss 0.035 kl 0.000 anchor 0.000 4.380s/rec
ep1 step 190/296 loss 0.057 kl 0.000 anchor 0.000 4.314s/rec
ep1 step 200/296 loss 0.036 kl 0.000 anchor 0.000 4.323s/rec
ep1 step 210/296 loss 0.027 kl 0.000 anchor 0.000 4.335s/rec
ep1 step 220/296 loss 0.011 kl 0.000 anchor 0.000 4.299s/rec
ep1 step 230/296 loss 0.028 kl 0.000 anchor 0.000 4.278s/rec
ep1 step 240/296 loss 0.075 kl 0.000 anchor 0.000 4.259s/rec
ep1 step 250/296 loss 0.014 kl 0.000 anchor 0.000 4.220s/rec
ep1 step 260/296 loss 0.013 kl 0.000 anchor 0.000 4.253s/rec
ep1 step 270/296 loss 0.048 kl 0.000 anchor 0.000 4.215s/rec
ep1 step 280/296 loss 0.074 kl 0.000 anchor 0.000 4.196s/rec
ep1 step 290/296 loss 0.043 kl 0.000 anchor 0.000 4.160s/rec
saved runs/ft-kev-4b-2026-09-29/model
